C:/Users/pawlo/Desktop/LoRaWAN_End_Node_Mod/LoRaWAN/App/CayenneLpp.c:90:6:CayenneLppInit	0	static
C:/Users/pawlo/Desktop/LoRaWAN_End_Node_Mod/LoRaWAN/App/CayenneLpp.c:98:6:CayenneLppReset	0	static
C:/Users/pawlo/Desktop/LoRaWAN_End_Node_Mod/LoRaWAN/App/CayenneLpp.c:106:9:CayenneLppGetSize	0	static
C:/Users/pawlo/Desktop/LoRaWAN_End_Node_Mod/LoRaWAN/App/CayenneLpp.c:114:10:CayenneLppGetBuffer	0	static
C:/Users/pawlo/Desktop/LoRaWAN_End_Node_Mod/LoRaWAN/App/CayenneLpp.c:122:9:CayenneLppCopy	8	static
C:/Users/pawlo/Desktop/LoRaWAN_End_Node_Mod/LoRaWAN/App/CayenneLpp.c:134:9:CayenneLppDeviceIdToBufferSize	0	static
C:/Users/pawlo/Desktop/LoRaWAN_End_Node_Mod/LoRaWAN/App/CayenneLpp.c:151:6:CayenneLppDecode	16	static
C:/Users/pawlo/Desktop/LoRaWAN_End_Node_Mod/LoRaWAN/App/CayenneLpp.c:166:9:CayenneLppAddDigitalInput	8	static
C:/Users/pawlo/Desktop/LoRaWAN_End_Node_Mod/LoRaWAN/App/CayenneLpp.c:184:9:CayenneLppAddDigitalOutput	8	static
C:/Users/pawlo/Desktop/LoRaWAN_End_Node_Mod/LoRaWAN/App/CayenneLpp.c:202:9:CayenneLppAddAnalogInput	16	static
C:/Users/pawlo/Desktop/LoRaWAN_End_Node_Mod/LoRaWAN/App/CayenneLpp.c:223:9:CayenneLppAddAnalogOutput	16	static
C:/Users/pawlo/Desktop/LoRaWAN_End_Node_Mod/LoRaWAN/App/CayenneLpp.c:243:9:CayenneLppAddLuminosity	8	static
C:/Users/pawlo/Desktop/LoRaWAN_End_Node_Mod/LoRaWAN/App/CayenneLpp.c:262:9:CayenneLppAddPresence	8	static
C:/Users/pawlo/Desktop/LoRaWAN_End_Node_Mod/LoRaWAN/App/CayenneLpp.c:280:9:CayenneLppAddTemperature	16	static
C:/Users/pawlo/Desktop/LoRaWAN_End_Node_Mod/LoRaWAN/App/CayenneLpp.c:300:9:CayenneLppAddRelativeHumidity	24	static
C:/Users/pawlo/Desktop/LoRaWAN_End_Node_Mod/LoRaWAN/App/CayenneLpp.c:318:9:CayenneLppAddAccelerometer	24	static
C:/Users/pawlo/Desktop/LoRaWAN_End_Node_Mod/LoRaWAN/App/CayenneLpp.c:345:9:CayenneLppAddBarometricPressure	16	static
C:/Users/pawlo/Desktop/LoRaWAN_End_Node_Mod/LoRaWAN/App/CayenneLpp.c:366:9:CayenneLppAddGyrometer	24	static
C:/Users/pawlo/Desktop/LoRaWAN_End_Node_Mod/LoRaWAN/App/CayenneLpp.c:393:9:CayenneLppAddGps	24	static
