C:/Users/pawlo/Desktop/LoRaWAN_End_Node_Mod/LoRaWAN/App/lora_app.c:809:13:OnTxFrameCtrlChanged	0	static
C:/Users/pawlo/Desktop/LoRaWAN_End_Node_Mod/LoRaWAN/App/lora_app.c:820:13:OnPingSlotPeriodicityChanged	0	static
C:/Users/pawlo/Desktop/LoRaWAN_End_Node_Mod/LoRaWAN/App/lora_app.c:733:13:OnBeaconStatusChange	72	static
C:/Users/pawlo/Desktop/LoRaWAN_End_Node_Mod/LoRaWAN/App/lora_app.c:768:13:OnClassChange	16	static
C:/Users/pawlo/Desktop/LoRaWAN_End_Node_Mod/LoRaWAN/App/lora_app.c:920:13:OnNvmDataChange	8	static
C:/Users/pawlo/Desktop/LoRaWAN_End_Node_Mod/LoRaWAN/App/lora_app.c:644:13:OnTxTimerEvent	8	static
C:/Users/pawlo/Desktop/LoRaWAN_End_Node_Mod/LoRaWAN/App/lora_app.c:775:13:OnMacProcessNotify	8	static
C:/Users/pawlo/Desktop/LoRaWAN_End_Node_Mod/LoRaWAN/App/lora_app.c:831:13:OnSystemReset	8	static,ignoring_inline_asm
C:/Users/pawlo/Desktop/LoRaWAN_End_Node_Mod/LoRaWAN/App/lora_app.c:787:13:OnTxPeriodicityChanged	8	static
C:/Users/pawlo/Desktop/LoRaWAN_End_Node_Mod/LoRaWAN/App/lora_app.c:676:13:OnTxData	24	static
C:/Users/pawlo/Desktop/LoRaWAN_End_Node_Mod/LoRaWAN/App/lora_app.c:705:13:OnJoinRequest	8	static
C:/Users/pawlo/Desktop/LoRaWAN_End_Node_Mod/LoRaWAN/App/lora_app.c:882:13:OnStopJoinTimerEvent	8	static
C:/Users/pawlo/Desktop/LoRaWAN_End_Node_Mod/LoRaWAN/App/lora_app.c:664:13:OnRxTimerLedEvent	8	static
C:/Users/pawlo/Desktop/LoRaWAN_End_Node_Mod/LoRaWAN/App/lora_app.c:659:13:OnTxTimerLedEvent	8	static
C:/Users/pawlo/Desktop/LoRaWAN_End_Node_Mod/LoRaWAN/App/lora_app.c:472:13:OnRxData	48	static
C:/Users/pawlo/Desktop/LoRaWAN_End_Node_Mod/LoRaWAN/App/lora_app.c:938:13:OnStoreContextRequest	16	static
C:/Users/pawlo/Desktop/LoRaWAN_End_Node_Mod/LoRaWAN/App/lora_app.c:957:13:OnRestoreContextRequest	8	static
C:/Users/pawlo/Desktop/LoRaWAN_End_Node_Mod/LoRaWAN/App/lora_app.c:845:13:StopJoin	16	static
C:/Users/pawlo/Desktop/LoRaWAN_End_Node_Mod/LoRaWAN/App/lora_app.c:898:13:StoreContext	8	static
C:/Users/pawlo/Desktop/LoRaWAN_End_Node_Mod/LoRaWAN/App/lora_app.c:557:14:randomFloat	8	static
C:/Users/pawlo/Desktop/LoRaWAN_End_Node_Mod/LoRaWAN/App/lora_app.c:564:14:getMockTemperature	8	static
C:/Users/pawlo/Desktop/LoRaWAN_End_Node_Mod/LoRaWAN/App/lora_app.c:573:15:getMockAcceleration	16	static
C:/Users/pawlo/Desktop/LoRaWAN_End_Node_Mod/LoRaWAN/App/lora_app.c:585:13:SendTxData	40	static
C:/Users/pawlo/Desktop/LoRaWAN_End_Node_Mod/LoRaWAN/App/lora_app.c:669:13:OnJoinTimerLedEvent	8	static
C:/Users/pawlo/Desktop/LoRaWAN_End_Node_Mod/LoRaWAN/App/lora_app.c:347:6:LoRaWAN_Init	48	static
C:/Users/pawlo/Desktop/LoRaWAN_End_Node_Mod/LoRaWAN/App/lora_app.c:443:6:HAL_GPIO_EXTI_Callback	8	static
