../Application/User/wakaama/core/objects.c:346:17:prv_getServerShortId	48	static
../Application/User/wakaama/core/objects.c:1027:23:prv_findServerInstance	48	static
../Application/User/wakaama/core/objects.c:62:12:prv_getMandatoryInfo	48	static
../Application/User/wakaama/core/objects.c:378:13:prv_updateServerInfo	16	static
../Application/User/wakaama/core/objects.c:790:12:prv_getObjectTemplate	16	static
../Application/User/wakaama/core/objects.c:110:9:object_checkReadable	48	static
../Application/User/wakaama/core/objects.c:173:9:object_readData	32	static
../Application/User/wakaama/core/objects.c:293:9:object_read	40	static
../Application/User/wakaama/core/objects.c:396:9:object_write	48	static
../Application/User/wakaama/core/objects.c:472:9:object_execute	40	static
../Application/User/wakaama/core/objects.c:488:9:object_create	48	static
../Application/User/wakaama/core/objects.c:644:9:object_delete	32	static
../Application/User/wakaama/core/objects.c:692:9:object_discover	64	static
../Application/User/wakaama/core/objects.c:771:6:object_isInstanceNew	8	static
../Application/User/wakaama/core/objects.c:814:5:object_getRegisterPayloadBufferLength	40	static
../Application/User/wakaama/core/objects.c:911:5:object_getRegisterPayload	32	static
../Application/User/wakaama/core/objects.c:1066:5:object_getServers	64	static
../Application/User/wakaama/core/objects.c:1233:9:object_createInstance	32	static
../Application/User/wakaama/core/objects.c:1251:9:object_writeInstance	24	static
