../Application/User/wakaama/core/registration.c:1162:13:prv_handleDeregistrationReply	0	static
../Application/User/wakaama/core/registration.c:258:16:prv_readUint	40	static
../Application/User/wakaama/core/registration.c:318:16:prv_getRegistrationOrder	24	static
../Application/User/wakaama/core/registration.c:381:16:prv_getRegistrationAttemptLimit	48	static
../Application/User/wakaama/core/registration.c:430:16:prv_getRegistrationSequenceLimit	48	static
../Application/User/wakaama/core/registration.c:508:16:prv_startRegistration	32	static
../Application/User/wakaama/core/registration.c:896:12:prv_updateRegistration	40	static
../Application/User/wakaama/core/registration.c:857:13:prv_handleRegistrationUpdateReply	24	static
../Application/User/wakaama/core/registration.c:288:16:prv_readBoolean	40	static
../Application/User/wakaama/core/registration.c:352:16:prv_getRegistrationFailureBlocking	24	static
../Application/User/wakaama/core/registration.c:479:16:prv_getBootstrapOnRegistrationFailure	24	static
../Application/User/wakaama/core/registration.c:71:12:prv_getRegistrationQueryLength	40	static
../Application/User/wakaama/core/registration.c:149:12:prv_getRegistrationQuery	24	static
../Application/User/wakaama/core/registration.c:727:16:prv_register	88	static
../Application/User/wakaama/core/registration.c:963:5:lwm2m_update_registration	16	static
../Application/User/wakaama/core/registration.c:1047:9:registration_start	56	static
../Application/User/wakaama/core/registration.c:532:13:prv_handleRegistrationSequenceFailure	48	static
../Application/User/wakaama/core/registration.c:594:13:prv_handleRegistrationAttemptFailure	40	static
../Application/User/wakaama/core/registration.c:640:13:prv_handleRegistrationReply	40	static
../Application/User/wakaama/core/registration.c:1118:16:registration_getStatus	0	static
../Application/User/wakaama/core/registration.c:1181:6:registration_deregister	32	static
../Application/User/wakaama/core/registration.c:2076:6:registration_step	40	static
