../Application/User/wakaama/core/utils.c:963:13:prv_encodeBlock	0	static
../Application/User/wakaama/core/utils.c:1058:16:prv_base64Value	0	static
../Application/User/wakaama/core/utils.c:60:5:utils_textToInt	20	static
../Application/User/wakaama/core/utils.c:105:5:utils_textToUInt	16	static
../Application/User/wakaama/core/utils.c:134:5:utils_textToFloat	32	static
../Application/User/wakaama/core/utils.c:172:5:utils_textToObjLink	40	static
../Application/User/wakaama/core/utils.c:235:8:utils_uintToText	48	static
../Application/User/wakaama/core/utils.c:197:8:utils_intToText	8	static
../Application/User/wakaama/core/utils.c:267:8:utils_floatToText	88	static
../Application/User/wakaama/core/utils.c:549:8:utils_objLinkToText	24	static
../Application/User/wakaama/core/utils.c:568:17:utils_stringToVersion	0	static
../Application/User/wakaama/core/utils.c:595:17:utils_stringToBinding	4	static
../Application/User/wakaama/core/utils.c:681:20:utils_convertMediaType	0	static
../Application/User/wakaama/core/utils.c:721:9:utils_getResponseFormat	12	static
../Application/User/wakaama/core/utils.c:829:18:utils_findServer	16	static
../Application/User/wakaama/core/utils.c:845:18:utils_findBootstrapServer	16	static
../Application/User/wakaama/core/utils.c:885:5:utils_isAltPathValid	0	static
../Application/User/wakaama/core/utils.c:916:5:utils_stringCopy	0	static
../Application/User/wakaama/core/utils.c:934:6:utils_copyValue	0	static
../Application/User/wakaama/core/utils.c:972:8:utils_base64GetSize	0	static
../Application/User/wakaama/core/utils.c:982:8:utils_base64Encode	32	static
../Application/User/wakaama/core/utils.c:1027:8:utils_base64GetDecodedSize	0	static
../Application/User/wakaama/core/utils.c:1069:8:utils_base64Decode	48	static
../Application/User/wakaama/core/utils.c:1121:19:utils_depthToDatatype	0	static
