../Application/User/wakaama/coap/block.c:65:6:prv_matchBlock2	0	static
../Application/User/wakaama/coap/block.c:56:6:prv_matchBlock1	8	static
../Application/User/wakaama/coap/block.c:101:22:prv_block_insert	24	static
../Application/User/wakaama/coap/block.c:70:9:prv_get_matcher	0	static
../Application/User/wakaama/coap/block.c:81:22:find_block_data	16	static
../Application/User/wakaama/coap/block.c:202:9:prv_coap_block_handler	32	static
../Application/User/wakaama/coap/block.c:295:22:block1_create	8	static
../Application/User/wakaama/coap/block.c:311:9:coap_block1_handler	32	static
../Application/User/wakaama/coap/block.c:334:22:block2_create	8	static
../Application/User/wakaama/coap/block.c:349:6:coap_block2_set_expected_mid	8	static
../Application/User/wakaama/coap/block.c:362:9:coap_block2_handler	32	static
../Application/User/wakaama/coap/block.c:379:6:free_block_data	8	static
../Application/User/wakaama/coap/block.c:116:6:prv_block_data_delete	8	static
../Application/User/wakaama/coap/block.c:302:6:block1_delete	8	static
../Application/User/wakaama/coap/block.c:341:6:block2_delete	8	static
