../Application/User/wakaama/coap/er-coap-13/er-coap-13.c:76:1:coap_log_2	0	static
../Application/User/wakaama/coap/er-coap-13/er-coap-13.c:89:1:coap_parse_int_option	0	static
../Application/User/wakaama/coap/er-coap-13/er-coap-13.c:103:1:coap_option_nibble	0	static
../Application/User/wakaama/coap/er-coap-13/er-coap-13.c:121:1:coap_set_option_header	24	static
../Application/User/wakaama/coap/er-coap-13/er-coap-13.c:150:1:coap_serialize_int_option	24	static
../Application/User/wakaama/coap/er-coap-13/er-coap-13.c:364:1:is_non_std_coap_port	0	static
../Application/User/wakaama/coap/er-coap-13/er-coap-13.c:370:5:nDigits	0	static
../Application/User/wakaama/coap/er-coap-13/er-coap-13.c:217:1:coap_serialize_multi_option	24	static
../Application/User/wakaama/coap/er-coap-13/er-coap-13.c:173:1:coap_serialize_array_option	48	static
../Application/User/wakaama/coap/er-coap-13/er-coap-13.c:317:1:prv_coap_get_multi_option_as_string	24	static
../Application/User/wakaama/coap/er-coap-13/er-coap-13.c:235:1:coap_merge_multi_option	16	static
../Application/User/wakaama/coap/er-coap-13/er-coap-13.c:429:1:coap_get_variable	32	static
../Application/User/wakaama/coap/er-coap-13/er-coap-13.c:258:1:coap_add_multi_option	24	static
../Application/User/wakaama/coap/er-coap-13/er-coap-13.c:300:1:free_multi_option	16	static
../Application/User/wakaama/coap/er-coap-13/er-coap-13.c:351:8:coap_get_multi_option_as_path_string	8	static
../Application/User/wakaama/coap/er-coap-13/er-coap-13.c:356:8:coap_get_multi_option_as_query_string	8	static
../Application/User/wakaama/coap/er-coap-13/er-coap-13.c:382:8:coap_get_packet_uri_as_string	32	static
../Application/User/wakaama/coap/er-coap-13/er-coap-13.c:466:1:coap_get_mid	0	static
../Application/User/wakaama/coap/er-coap-13/er-coap-13.c:474:1:coap_init_message	24	static
../Application/User/wakaama/coap/er-coap-13/er-coap-13.c:487:1:coap_free_header	8	static
../Application/User/wakaama/coap/er-coap-13/er-coap-13.c:500:8:coap_serialize_get_size	4	static
../Application/User/wakaama/coap/er-coap-13/er-coap-13.c:610:1:coap_serialize_message	32	static
../Application/User/wakaama/coap/er-coap-13/er-coap-13.c:709:1:coap_parse_message	40	static
../Application/User/wakaama/coap/er-coap-13/er-coap-13.c:985:1:coap_get_query_variable	0	static
../Application/User/wakaama/coap/er-coap-13/er-coap-13.c:1002:1:coap_get_post_variable	8	static
../Application/User/wakaama/coap/er-coap-13/er-coap-13.c:1013:1:coap_set_status_code	0	static
../Application/User/wakaama/coap/er-coap-13/er-coap-13.c:1029:1:coap_get_header_content_type	0	static
../Application/User/wakaama/coap/er-coap-13/er-coap-13.c:1039:1:coap_set_header_content_type	0	static
../Application/User/wakaama/coap/er-coap-13/er-coap-13.c:1049:1:coap_get_header_accept	0	static
../Application/User/wakaama/coap/er-coap-13/er-coap-13.c:1060:1:coap_set_header_accept	0	static
../Application/User/wakaama/coap/er-coap-13/er-coap-13.c:1075:1:coap_get_header_max_age	0	static
../Application/User/wakaama/coap/er-coap-13/er-coap-13.c:1088:1:coap_set_header_max_age	0	static
../Application/User/wakaama/coap/er-coap-13/er-coap-13.c:1098:1:coap_get_header_etag	0	static
../Application/User/wakaama/coap/er-coap-13/er-coap-13.c:1109:1:coap_set_header_etag	16	static
../Application/User/wakaama/coap/er-coap-13/er-coap-13.c:1122:1:coap_get_header_if_match	0	static
../Application/User/wakaama/coap/er-coap-13/er-coap-13.c:1133:1:coap_set_header_if_match	16	static
../Application/User/wakaama/coap/er-coap-13/er-coap-13.c:1145:1:coap_get_header_if_none_match	0	static
../Application/User/wakaama/coap/er-coap-13/er-coap-13.c:1151:1:coap_set_header_if_none_match	0	static
../Application/User/wakaama/coap/er-coap-13/er-coap-13.c:1158:1:coap_get_header_token	0	static
../Application/User/wakaama/coap/er-coap-13/er-coap-13.c:1169:1:coap_set_header_token	16	static
../Application/User/wakaama/coap/er-coap-13/er-coap-13.c:1181:1:coap_get_header_proxy_uri	0	static
../Application/User/wakaama/coap/er-coap-13/er-coap-13.c:1192:1:coap_set_header_proxy_uri	8	static
../Application/User/wakaama/coap/er-coap-13/er-coap-13.c:1204:1:coap_get_header_uri_host	0	static
../Application/User/wakaama/coap/er-coap-13/er-coap-13.c:1215:1:coap_set_header_uri_host	8	static
../Application/User/wakaama/coap/er-coap-13/er-coap-13.c:1227:1:coap_get_header_uri_path	0	static
../Application/User/wakaama/coap/er-coap-13/er-coap-13.c:1238:1:coap_set_header_uri_path	24	static
../Application/User/wakaama/coap/er-coap-13/er-coap-13.c:1265:1:coap_set_header_uri_path_segment	16	static
../Application/User/wakaama/coap/er-coap-13/er-coap-13.c:1286:1:coap_get_header_uri_port	0	static
../Application/User/wakaama/coap/er-coap-13/er-coap-13.c:1296:1:coap_set_header_uri_port	0	static
../Application/User/wakaama/coap/er-coap-13/er-coap-13.c:1305:1:coap_get_header_uri_query	0	static
../Application/User/wakaama/coap/er-coap-13/er-coap-13.c:1316:1:coap_set_header_uri_query	24	static
../Application/User/wakaama/coap/er-coap-13/er-coap-13.c:1343:1:coap_set_header_uri_query_segment	16	static
../Application/User/wakaama/coap/er-coap-13/er-coap-13.c:1365:1:coap_get_header_location_path	0	static
../Application/User/wakaama/coap/er-coap-13/er-coap-13.c:1376:1:coap_set_header_location_path	24	static
../Application/User/wakaama/coap/er-coap-13/er-coap-13.c:1403:1:coap_get_header_location_query	0	static
../Application/User/wakaama/coap/er-coap-13/er-coap-13.c:1414:1:coap_set_header_location_query	8	static
../Application/User/wakaama/coap/er-coap-13/er-coap-13.c:1428:1:coap_get_header_observe	0	static
../Application/User/wakaama/coap/er-coap-13/er-coap-13.c:1439:1:coap_set_header_observe	0	static
../Application/User/wakaama/coap/er-coap-13/er-coap-13.c:1449:1:coap_get_header_block2	0	static
../Application/User/wakaama/coap/er-coap-13/er-coap-13.c:1465:1:coap_set_header_block2	0	static
../Application/User/wakaama/coap/er-coap-13/er-coap-13.c:1482:1:coap_get_header_block1	4	static
../Application/User/wakaama/coap/er-coap-13/er-coap-13.c:1498:1:coap_set_header_block1	0	static
../Application/User/wakaama/coap/er-coap-13/er-coap-13.c:1515:1:coap_get_header_block	32	static
../Application/User/wakaama/coap/er-coap-13/er-coap-13.c:1528:1:coap_get_header_size	0	static
../Application/User/wakaama/coap/er-coap-13/er-coap-13.c:1539:1:coap_set_header_size	0	static
../Application/User/wakaama/coap/er-coap-13/er-coap-13.c:1550:8:coap_get_payload	0	static
../Application/User/wakaama/coap/er-coap-13/er-coap-13.c:1563:8:coap_set_payload	0	static
