../Application/User/wakaama/data/data.c:143:12:prv_setBuffer	16	static
../Application/User/wakaama/data/data.c:29:12:prv_textSerialize	88	static
../Application/User/wakaama/data/data.c:158:16:lwm2m_data_new	16	static
../Application/User/wakaama/data/data.c:175:6:lwm2m_data_free	16	static
../Application/User/wakaama/data/data.c:210:6:lwm2m_data_encode_string	8	static
../Application/User/wakaama/data/data.c:247:6:lwm2m_data_encode_opaque	8	static
../Application/User/wakaama/data/data.c:275:6:lwm2m_data_encode_nstring	8	static
../Application/User/wakaama/data/data.c:288:6:lwm2m_data_encode_int	0	static
../Application/User/wakaama/data/data.c:296:5:lwm2m_data_decode_int	16	static
../Application/User/wakaama/data/data.c:369:6:lwm2m_data_encode_uint	0	static
../Application/User/wakaama/data/data.c:377:5:lwm2m_data_decode_uint	16	static
../Application/User/wakaama/data/data.c:450:6:lwm2m_data_encode_float	0	static
../Application/User/wakaama/data/data.c:458:5:lwm2m_data_decode_float	16	static
../Application/User/wakaama/data/data.c:518:6:lwm2m_data_encode_bool	0	static
../Application/User/wakaama/data/data.c:526:5:lwm2m_data_decode_bool	0	static
../Application/User/wakaama/data/data.c:587:6:lwm2m_data_encode_corelink	8	static
../Application/User/wakaama/data/data.c:597:6:lwm2m_data_encode_objlink	0	static
../Application/User/wakaama/data/data.c:607:6:lwm2m_data_include	4	static
../Application/User/wakaama/data/data.c:638:6:lwm2m_data_encode_instances	8	static
../Application/User/wakaama/data/data.c:647:5:lwm2m_data_parse	24	static
../Application/User/wakaama/data/data.c:721:5:lwm2m_data_serialize	32	static
