../Application/User/wakaama/data/json_common.c:42:12:prv_isReserved	0	static
../Application/User/wakaama/data/json_common.c:58:12:prv_isWhiteSpace	0	static
../Application/User/wakaama/data/json_common.c:344:16:prv_hexValue	0	static
../Application/User/wakaama/data/json_common.c:414:16:prv_hexDigit	0	static
../Application/User/wakaama/data/json_common.c:601:12:prv_findAndCheckData	24	static
../Application/User/wakaama/data/json_common.c:71:8:json_skipSpace	16	static
../Application/User/wakaama/data/json_common.c:85:5:json_split	40	static
../Application/User/wakaama/data/json_common.c:194:5:json_itemLength	24	static
../Application/User/wakaama/data/json_common.c:249:5:json_countItems	24	static
../Application/User/wakaama/data/json_common.c:286:5:json_convertNumeric	24	static
../Application/User/wakaama/data/json_common.c:333:5:json_convertTime	16	static
../Application/User/wakaama/data/json_common.c:352:8:json_unescapeString	32	static
../Application/User/wakaama/data/json_common.c:421:8:json_escapeString	40	static
../Application/User/wakaama/data/json_common.c:492:16:json_extendData	16	static
../Application/User/wakaama/data/json_common.c:511:5:json_dataStrip	40	static
../Application/User/wakaama/data/json_common.c:563:16:json_findDataItem	8	static
../Application/User/wakaama/data/json_common.c:582:13:json_decreaseLevel	0	static
../Application/User/wakaama/data/json_common.c:782:5:json_findAndCheckData	32	static
